INFO:cve_database:Connected to database: data/cve_database.db
INFO:cve_database:Database schema created/verified

╔══════════════════════════════════════════════════════════════════╗
║                   CVE DATABASE BACKFILL                          ║
║          Fetching Historical CVE Data from NVD                   ║
╚══════════════════════════════════════════════════════════════════╝

✓ NVD API Key: ********************b9f5
✓ Using NVD API key (50 requests/30 seconds)

Initializing database: data/cve_database.db

======================================================================
CVE DATABASE SUMMARY
======================================================================

Total CVEs: 92,126
Date Range: 2018-01-01T00:29:00.213 to 2024-12-31T23:15:41.553
CVEs with CVSS: 85,718 (93.0%)

Enrichments:
  • KEV-flagged: 0
  • Healthcare-relevant: 0
  • Curated breaches: 0

Fetch History: 73 successful fetches
======================================================================


======================================================================
BACKFILLING CVE DATA: 2018 - 2025
======================================================================

Total months to process: 96
Estimated time: 96 minutes (with API key)

[1/96] Fetching 2018-01-01 to 2018-01-31... INFO:cti_recommender:Fetching NVD CVEs from 2018-01-01 to 2018-01-31
INFO:cti_recommender:Fetched 1714/1714 CVEs...
INFO:cti_recommender:Fetched 1714 total CVEs from NVD
INFO:cve_database:Upserted 1714 CVEs to database
✓ 1714 CVEs
[2/96] Fetching 2018-02-01 to 2018-02-28... INFO:cti_recommender:Fetching NVD CVEs from 2018-02-01 to 2018-02-28
INFO:cti_recommender:Fetched 1341/1341 CVEs...
INFO:cti_recommender:Fetched 1341 total CVEs from NVD
INFO:cve_database:Upserted 1341 CVEs to database
✓ 1341 CVEs
[3/96] Fetching 2018-03-01 to 2018-03-31... INFO:cti_recommender:Fetching NVD CVEs from 2018-03-01 to 2018-03-31
INFO:cti_recommender:Fetched 2000/2304 CVEs...
INFO:cti_recommender:Fetched 2304/2304 CVEs...
INFO:cti_recommender:Fetched 2304 total CVEs from NVD
INFO:cve_database:Upserted 2304 CVEs to database
✓ 2304 CVEs
[4/96] Fetching 2018-04-01 to 2018-04-30... INFO:cti_recommender:Fetching NVD CVEs from 2018-04-01 to 2018-04-30
INFO:cti_recommender:Fetched 1683/1683 CVEs...
INFO:cti_recommender:Fetched 1683 total CVEs from NVD
INFO:cve_database:Upserted 1683 CVEs to database
✓ 1683 CVEs
[5/96] Fetching 2018-05-01 to 2018-05-31... INFO:cti_recommender:Fetching NVD CVEs from 2018-05-01 to 2018-05-31
INFO:cti_recommender:Fetched 1191/1191 CVEs...
INFO:cti_recommender:Fetched 1191 total CVEs from NVD
INFO:cve_database:Upserted 1191 CVEs to database
✓ 1191 CVEs
[6/96] Fetching 2018-06-01 to 2018-06-30... INFO:cti_recommender:Fetching NVD CVEs from 2018-06-01 to 2018-06-30
INFO:cti_recommender:Fetched 1804/1804 CVEs...
INFO:cti_recommender:Fetched 1804 total CVEs from NVD
INFO:cve_database:Upserted 1804 CVEs to database
✓ 1804 CVEs
[7/96] Fetching 2018-07-01 to 2018-07-31... INFO:cti_recommender:Fetching NVD CVEs from 2018-07-01 to 2018-07-31
INFO:cti_recommender:Fetched 2000/2218 CVEs...
INFO:cti_recommender:Fetched 2218/2218 CVEs...
INFO:cti_recommender:Fetched 2218 total CVEs from NVD
INFO:cve_database:Upserted 2218 CVEs to database
✓ 2218 CVEs
[8/96] Fetching 2018-08-01 to 2018-08-31... INFO:cti_recommender:Fetching NVD CVEs from 2018-08-01 to 2018-08-31
INFO:cti_recommender:Fetched 1042/1042 CVEs...
INFO:cti_recommender:Fetched 1042 total CVEs from NVD
INFO:cve_database:Upserted 1042 CVEs to database
✓ 1042 CVEs
[9/96] Fetching 2018-09-01 to 2018-09-30... INFO:cti_recommender:Fetching NVD CVEs from 2018-09-01 to 2018-09-30
INFO:cti_recommender:Fetched 1192/1192 CVEs...
INFO:cti_recommender:Fetched 1192 total CVEs from NVD
INFO:cve_database:Upserted 1192 CVEs to database
✓ 1192 CVEs
[10/96] Fetching 2018-10-01 to 2018-10-31... INFO:cti_recommender:Fetching NVD CVEs from 2018-10-01 to 2018-10-31
INFO:cti_recommender:Fetched 1474/1474 CVEs...
INFO:cti_recommender:Fetched 1474 total CVEs from NVD
INFO:cve_database:Upserted 1474 CVEs to database
✓ 1474 CVEs
[11/96] Fetching 2018-11-01 to 2018-11-30... INFO:cti_recommender:Fetching NVD CVEs from 2018-11-01 to 2018-11-30
INFO:cti_recommender:Fetched 989/989 CVEs...
INFO:cti_recommender:Fetched 989 total CVEs from NVD
INFO:cve_database:Upserted 989 CVEs to database
✓ 989 CVEs
[12/96] Fetching 2018-12-01 to 2018-12-31... INFO:cti_recommender:Fetching NVD CVEs from 2018-12-01 to 2018-12-31
INFO:cti_recommender:Fetched 1202/1202 CVEs...
INFO:cti_recommender:Fetched 1202 total CVEs from NVD
INFO:cve_database:Upserted 1202 CVEs to database
✓ 1202 CVEs

  Progress: 12/96 months (12.5%)
  Total CVEs so far: 18,154
  Estimated time remaining: 2.9 minutes

[13/96] Fetching 2019-01-01 to 2019-01-31... INFO:cti_recommender:Fetching NVD CVEs from 2019-01-01 to 2019-01-31
INFO:cti_recommender:Fetched 1644/1644 CVEs...
INFO:cti_recommender:Fetched 1644 total CVEs from NVD
INFO:cve_database:Upserted 1644 CVEs to database
✓ 1644 CVEs
[14/96] Fetching 2019-02-01 to 2019-02-28... INFO:cti_recommender:Fetching NVD CVEs from 2019-02-01 to 2019-02-28
INFO:cti_recommender:Fetched 882/882 CVEs...
INFO:cti_recommender:Fetched 882 total CVEs from NVD
INFO:cve_database:Upserted 882 CVEs to database
✓ 882 CVEs
[15/96] Fetching 2019-03-01 to 2019-03-31... INFO:cti_recommender:Fetching NVD CVEs from 2019-03-01 to 2019-03-31
INFO:cti_recommender:Fetched 1630/1630 CVEs...
INFO:cti_recommender:Fetched 1630 total CVEs from NVD
INFO:cve_database:Upserted 1630 CVEs to database
✓ 1630 CVEs
[16/96] Fetching 2019-04-01 to 2019-04-30... INFO:cti_recommender:Fetching NVD CVEs from 2019-04-01 to 2019-04-30
INFO:cti_recommender:Fetched 1574/1574 CVEs...
INFO:cti_recommender:Fetched 1574 total CVEs from NVD
INFO:cve_database:Upserted 1574 CVEs to database
✓ 1574 CVEs
[17/96] Fetching 2019-05-01 to 2019-05-31... INFO:cti_recommender:Fetching NVD CVEs from 2019-05-01 to 2019-05-31
INFO:cti_recommender:Fetched 1324/1324 CVEs...
INFO:cti_recommender:Fetched 1324 total CVEs from NVD
INFO:cve_database:Upserted 1324 CVEs to database
✓ 1324 CVEs
[18/96] Fetching 2019-06-01 to 2019-06-30... INFO:cti_recommender:Fetching NVD CVEs from 2019-06-01 to 2019-06-30
INFO:cti_recommender:Fetched 1265/1265 CVEs...
INFO:cti_recommender:Fetched 1265 total CVEs from NVD
INFO:cve_database:Upserted 1265 CVEs to database
✓ 1265 CVEs
[19/96] Fetching 2019-07-01 to 2019-07-31... INFO:cti_recommender:Fetching NVD CVEs from 2019-07-01 to 2019-07-31
INFO:cti_recommender:Fetched 1646/1646 CVEs...
INFO:cti_recommender:Fetched 1646 total CVEs from NVD
INFO:cve_database:Upserted 1646 CVEs to database
✓ 1646 CVEs
[20/96] Fetching 2019-08-01 to 2019-08-31... INFO:cti_recommender:Fetching NVD CVEs from 2019-08-01 to 2019-08-31
INFO:cti_recommender:Fetched 2000/2050 CVEs...
INFO:cti_recommender:Fetched 2050/2050 CVEs...
INFO:cti_recommender:Fetched 2050 total CVEs from NVD
INFO:cve_database:Upserted 2050 CVEs to database
✓ 2050 CVEs
[21/96] Fetching 2019-09-01 to 2019-09-30... INFO:cti_recommender:Fetching NVD CVEs from 2019-09-01 to 2019-09-30
INFO:cti_recommender:Fetched 1541/1541 CVEs...
INFO:cti_recommender:Fetched 1541 total CVEs from NVD
INFO:cve_database:Upserted 1541 CVEs to database
✓ 1541 CVEs
[22/96] Fetching 2019-10-01 to 2019-10-31... INFO:cti_recommender:Fetching NVD CVEs from 2019-10-01 to 2019-10-31
INFO:cti_recommender:Fetched 1737/1737 CVEs...
INFO:cti_recommender:Fetched 1737 total CVEs from NVD
INFO:cve_database:Upserted 1737 CVEs to database
✓ 1737 CVEs
[23/96] Fetching 2019-11-01 to 2019-11-30... INFO:cti_recommender:Fetching NVD CVEs from 2019-11-01 to 2019-11-30
INFO:cti_recommender:Fetched 1779/1779 CVEs...
INFO:cti_recommender:Fetched 1779 total CVEs from NVD
INFO:cve_database:Upserted 1779 CVEs to database
✓ 1779 CVEs
[24/96] Fetching 2019-12-01 to 2019-12-31... INFO:cti_recommender:Fetching NVD CVEs from 2019-12-01 to 2019-12-31
INFO:cti_recommender:Fetched 1866/1866 CVEs...
INFO:cti_recommender:Fetched 1866 total CVEs from NVD
INFO:cve_database:Upserted 1866 CVEs to database
✓ 1866 CVEs

  Progress: 24/96 months (25.0%)
  Total CVEs so far: 37,092
  Estimated time remaining: 2.6 minutes

[25/96] Fetching 2020-01-01 to 2020-01-31... INFO:cti_recommender:Fetching NVD CVEs from 2020-01-01 to 2020-01-31
INFO:cti_recommender:Fetched 1872/1872 CVEs...
INFO:cti_recommender:Fetched 1872 total CVEs from NVD
INFO:cve_database:Upserted 1872 CVEs to database
✓ 1872 CVEs
[26/96] Fetching 2020-02-01 to 2020-02-29... INFO:cti_recommender:Fetching NVD CVEs from 2020-02-01 to 2020-02-29
INFO:cti_recommender:Fetched 1481/1481 CVEs...
INFO:cti_recommender:Fetched 1481 total CVEs from NVD
INFO:cve_database:Upserted 1481 CVEs to database
✓ 1481 CVEs
[27/96] Fetching 2020-03-01 to 2020-03-31... INFO:cti_recommender:Fetching NVD CVEs from 2020-03-01 to 2020-03-31
INFO:cti_recommender:Fetched 1787/1787 CVEs...
INFO:cti_recommender:Fetched 1787 total CVEs from NVD
INFO:cve_database:Upserted 1787 CVEs to database
✓ 1787 CVEs
[28/96] Fetching 2020-04-01 to 2020-04-30... INFO:cti_recommender:Fetching NVD CVEs from 2020-04-01 to 2020-04-30
INFO:cti_recommender:Fetched 2000/2209 CVEs...
INFO:cti_recommender:Fetched 2209/2209 CVEs...
INFO:cti_recommender:Fetched 2209 total CVEs from NVD
INFO:cve_database:Upserted 2209 CVEs to database
✓ 2209 CVEs
[29/96] Fetching 2020-05-01 to 2020-05-31... INFO:cti_recommender:Fetching NVD CVEs from 2020-05-01 to 2020-05-31
INFO:cti_recommender:Fetched 1058/1058 CVEs...
INFO:cti_recommender:Fetched 1058 total CVEs from NVD
INFO:cve_database:Upserted 1058 CVEs to database
✓ 1058 CVEs
[30/96] Fetching 2020-06-01 to 2020-06-30... INFO:cti_recommender:Fetching NVD CVEs from 2020-06-01 to 2020-06-30
INFO:cti_recommender:Fetched 1856/1856 CVEs...
INFO:cti_recommender:Fetched 1856 total CVEs from NVD
INFO:cve_database:Upserted 1856 CVEs to database
✓ 1856 CVEs
[31/96] Fetching 2020-07-01 to 2020-07-31... INFO:cti_recommender:Fetching NVD CVEs from 2020-07-01 to 2020-07-31
INFO:cti_recommender:Fetched 1453/1453 CVEs...
INFO:cti_recommender:Fetched 1453 total CVEs from NVD
INFO:cve_database:Upserted 1453 CVEs to database
✓ 1453 CVEs
[32/96] Fetching 2020-08-01 to 2020-08-31... INFO:cti_recommender:Fetching NVD CVEs from 2020-08-01 to 2020-08-31
INFO:cti_recommender:Fetched 1239/1239 CVEs...
INFO:cti_recommender:Fetched 1239 total CVEs from NVD
INFO:cve_database:Upserted 1239 CVEs to database
✓ 1239 CVEs
[33/96] Fetching 2020-09-01 to 2020-09-30... INFO:cti_recommender:Fetching NVD CVEs from 2020-09-01 to 2020-09-30
INFO:cti_recommender:Fetched 1637/1637 CVEs...
INFO:cti_recommender:Fetched 1637 total CVEs from NVD
INFO:cve_database:Upserted 1637 CVEs to database
✓ 1637 CVEs
[34/96] Fetching 2020-10-01 to 2020-10-31... INFO:cti_recommender:Fetching NVD CVEs from 2020-10-01 to 2020-10-31
INFO:cti_recommender:Fetched 1574/1574 CVEs...
INFO:cti_recommender:Fetched 1574 total CVEs from NVD
INFO:cve_database:Upserted 1574 CVEs to database
✓ 1574 CVEs
[35/96] Fetching 2020-11-01 to 2020-11-30... INFO:cti_recommender:Fetching NVD CVEs from 2020-11-01 to 2020-11-30
INFO:cti_recommender:Fetched 1492/1492 CVEs...
INFO:cti_recommender:Fetched 1492 total CVEs from NVD
INFO:cve_database:Upserted 1492 CVEs to database
✓ 1492 CVEs
[36/96] Fetching 2020-12-01 to 2020-12-31... INFO:cti_recommender:Fetching NVD CVEs from 2020-12-01 to 2020-12-31
INFO:cti_recommender:Fetched 1564/1564 CVEs...
INFO:cti_recommender:Fetched 1564 total CVEs from NVD
INFO:cve_database:Upserted 1564 CVEs to database
✓ 1564 CVEs

  Progress: 36/96 months (37.5%)
  Total CVEs so far: 56,314
  Estimated time remaining: 2.1 minutes

[37/96] Fetching 2021-01-01 to 2021-01-31... INFO:cti_recommender:Fetching NVD CVEs from 2021-01-01 to 2021-01-31
INFO:cti_recommender:Fetched 1951/1951 CVEs...
INFO:cti_recommender:Fetched 1951 total CVEs from NVD
INFO:cve_database:Upserted 1951 CVEs to database
✓ 1951 CVEs
[38/96] Fetching 2021-02-01 to 2021-02-28... INFO:cti_recommender:Fetching NVD CVEs from 2021-02-01 to 2021-02-28
INFO:cti_recommender:Fetched 1493/1493 CVEs...
INFO:cti_recommender:Fetched 1493 total CVEs from NVD
INFO:cve_database:Upserted 1493 CVEs to database
✓ 1493 CVEs
[39/96] Fetching 2021-03-01 to 2021-03-31... INFO:cti_recommender:Fetching NVD CVEs from 2021-03-01 to 2021-03-31
INFO:cti_recommender:Fetched 1586/1586 CVEs...
INFO:cti_recommender:Fetched 1586 total CVEs from NVD
INFO:cve_database:Upserted 1586 CVEs to database
✓ 1586 CVEs
[40/96] Fetching 2021-04-01 to 2021-04-30... INFO:cti_recommender:Fetching NVD CVEs from 2021-04-01 to 2021-04-30
INFO:cti_recommender:Fetched 1930/1930 CVEs...
INFO:cti_recommender:Fetched 1930 total CVEs from NVD
INFO:cve_database:Upserted 1930 CVEs to database
✓ 1930 CVEs
[41/96] Fetching 2021-05-01 to 2021-05-31... INFO:cti_recommender:Fetching NVD CVEs from 2021-05-01 to 2021-05-31
INFO:cti_recommender:Fetched 1508/1508 CVEs...
INFO:cti_recommender:Fetched 1508 total CVEs from NVD
INFO:cve_database:Upserted 1508 CVEs to database
✓ 1508 CVEs
[42/96] Fetching 2021-06-01 to 2021-06-30... INFO:cti_recommender:Fetching NVD CVEs from 2021-06-01 to 2021-06-30
INFO:cti_recommender:Fetched 1937/1937 CVEs...
INFO:cti_recommender:Fetched 1937 total CVEs from NVD
INFO:cve_database:Upserted 1937 CVEs to database
✓ 1937 CVEs
[43/96] Fetching 2021-07-01 to 2021-07-31... INFO:cti_recommender:Fetching NVD CVEs from 2021-07-01 to 2021-07-31
INFO:cti_recommender:Fetched 1613/1613 CVEs...
INFO:cti_recommender:Fetched 1613 total CVEs from NVD
INFO:cve_database:Upserted 1613 CVEs to database
✓ 1613 CVEs
[44/96] Fetching 2021-08-01 to 2021-08-31... INFO:cti_recommender:Fetching NVD CVEs from 2021-08-01 to 2021-08-31
INFO:cti_recommender:Fetched 2000/2246 CVEs...
INFO:cti_recommender:Fetched 2246/2246 CVEs...
INFO:cti_recommender:Fetched 2246 total CVEs from NVD
INFO:cve_database:Upserted 2246 CVEs to database
✓ 2246 CVEs
[45/96] Fetching 2021-09-01 to 2021-09-30... INFO:cti_recommender:Fetching NVD CVEs from 2021-09-01 to 2021-09-30
INFO:cti_recommender:Fetched 1920/1920 CVEs...
INFO:cti_recommender:Fetched 1920 total CVEs from NVD
INFO:cve_database:Upserted 1920 CVEs to database
✓ 1920 CVEs
[46/96] Fetching 2021-10-01 to 2021-10-31... INFO:cti_recommender:Fetching NVD CVEs from 2021-10-01 to 2021-10-31
INFO:cti_recommender:Fetched 1717/1717 CVEs...
INFO:cti_recommender:Fetched 1717 total CVEs from NVD
INFO:cve_database:Upserted 1717 CVEs to database
✓ 1717 CVEs
[47/96] Fetching 2021-11-01 to 2021-11-30... INFO:cti_recommender:Fetching NVD CVEs from 2021-11-01 to 2021-11-30
INFO:cti_recommender:Fetched 1644/1644 CVEs...
INFO:cti_recommender:Fetched 1644 total CVEs from NVD
INFO:cve_database:Upserted 1644 CVEs to database
✓ 1644 CVEs
[48/96] Fetching 2021-12-01 to 2021-12-31... INFO:cti_recommender:Fetching NVD CVEs from 2021-12-01 to 2021-12-31
INFO:cti_recommender:Fetched 2000/2405 CVEs...
INFO:cti_recommender:Fetched 2405/2405 CVEs...
INFO:cti_recommender:Fetched 2405 total CVEs from NVD
INFO:cve_database:Upserted 2405 CVEs to database
✓ 2405 CVEs

  Progress: 48/96 months (50.0%)
  Total CVEs so far: 78,264
  Estimated time remaining: 1.8 minutes

[49/96] Fetching 2022-01-01 to 2022-01-31... INFO:cti_recommender:Fetching NVD CVEs from 2022-01-01 to 2022-01-31
INFO:cti_recommender:Fetched 2000/2207 CVEs...
INFO:cti_recommender:Fetched 2207/2207 CVEs...
INFO:cti_recommender:Fetched 2207 total CVEs from NVD
INFO:cve_database:Upserted 2207 CVEs to database
✓ 2207 CVEs
[50/96] Fetching 2022-02-01 to 2022-02-28... INFO:cti_recommender:Fetching NVD CVEs from 2022-02-01 to 2022-02-28
INFO:cti_recommender:Fetched 2000/2017 CVEs...
INFO:cti_recommender:Fetched 2017/2017 CVEs...
INFO:cti_recommender:Fetched 2017 total CVEs from NVD
INFO:cve_database:Upserted 2017 CVEs to database
✓ 2017 CVEs
[51/96] Fetching 2022-03-01 to 2022-03-31... INFO:cti_recommender:Fetching NVD CVEs from 2022-03-01 to 2022-03-31
INFO:cti_recommender:Fetched 2000/2092 CVEs...
INFO:cti_recommender:Fetched 2092/2092 CVEs...
INFO:cti_recommender:Fetched 2092 total CVEs from NVD
INFO:cve_database:Upserted 2092 CVEs to database
✓ 2092 CVEs
[52/96] Fetching 2022-04-01 to 2022-04-30... INFO:cti_recommender:Fetching NVD CVEs from 2022-04-01 to 2022-04-30
INFO:cti_recommender:Fetched 2000/2063 CVEs...
INFO:cti_recommender:Fetched 2063/2063 CVEs...
INFO:cti_recommender:Fetched 2063 total CVEs from NVD
INFO:cve_database:Upserted 2063 CVEs to database
✓ 2063 CVEs
[53/96] Fetching 2022-05-01 to 2022-05-31... INFO:cti_recommender:Fetching NVD CVEs from 2022-05-01 to 2022-05-31
INFO:cti_recommender:Fetched 2000/2035 CVEs...
INFO:cti_recommender:Fetched 2035/2035 CVEs...
INFO:cti_recommender:Fetched 2035 total CVEs from NVD
INFO:cve_database:Upserted 2035 CVEs to database
✓ 2035 CVEs
[54/96] Fetching 2022-06-01 to 2022-06-30... INFO:cti_recommender:Fetching NVD CVEs from 2022-06-01 to 2022-06-30
INFO:cti_recommender:Fetched 2000/2331 CVEs...
INFO:cti_recommender:Fetched 2331/2331 CVEs...
INFO:cti_recommender:Fetched 2331 total CVEs from NVD
INFO:cve_database:Upserted 2331 CVEs to database
✓ 2331 CVEs
[55/96] Fetching 2022-07-01 to 2022-07-31... INFO:cti_recommender:Fetching NVD CVEs from 2022-07-01 to 2022-07-31
INFO:cti_recommender:Fetched 2000/2156 CVEs...
INFO:cti_recommender:Fetched 2156/2156 CVEs...
INFO:cti_recommender:Fetched 2156 total CVEs from NVD
INFO:cve_database:Upserted 2156 CVEs to database
✓ 2156 CVEs
[56/96] Fetching 2022-08-01 to 2022-08-31... INFO:cti_recommender:Fetching NVD CVEs from 2022-08-01 to 2022-08-31
INFO:cti_recommender:Fetched 2000/2409 CVEs...
INFO:cti_recommender:Fetched 2409/2409 CVEs...
INFO:cti_recommender:Fetched 2409 total CVEs from NVD
INFO:cve_database:Upserted 2409 CVEs to database
✓ 2409 CVEs
[57/96] Fetching 2022-09-01 to 2022-09-30... INFO:cti_recommender:Fetching NVD CVEs from 2022-09-01 to 2022-09-30
INFO:cti_recommender:Fetched 2000/2323 CVEs...
INFO:cti_recommender:Fetched 2323/2323 CVEs...
INFO:cti_recommender:Fetched 2323 total CVEs from NVD
INFO:cve_database:Upserted 2323 CVEs to database
✓ 2323 CVEs
[58/96] Fetching 2022-10-01 to 2022-10-31... INFO:cti_recommender:Fetching NVD CVEs from 2022-10-01 to 2022-10-31
INFO:cti_recommender:Fetched 1909/1909 CVEs...
INFO:cti_recommender:Fetched 1909 total CVEs from NVD
INFO:cve_database:Upserted 1909 CVEs to database
✓ 1909 CVEs
[59/96] Fetching 2022-11-01 to 2022-11-30... INFO:cti_recommender:Fetching NVD CVEs from 2022-11-01 to 2022-11-30
INFO:cti_recommender:Fetched 1989/1989 CVEs...
INFO:cti_recommender:Fetched 1989 total CVEs from NVD
INFO:cve_database:Upserted 1989 CVEs to database
✓ 1989 CVEs
[60/96] Fetching 2022-12-01 to 2022-12-31... INFO:cti_recommender:Fetching NVD CVEs from 2022-12-01 to 2022-12-31
INFO:cti_recommender:Fetched 2000/2900 CVEs...
INFO:cti_recommender:Fetched 2900/2900 CVEs...
INFO:cti_recommender:Fetched 2900 total CVEs from NVD
INFO:cve_database:Upserted 2900 CVEs to database
✓ 2900 CVEs

  Progress: 60/96 months (62.5%)
  Total CVEs so far: 104,695
  Estimated time remaining: 1.4 minutes

[61/96] Fetching 2023-01-01 to 2023-01-31... INFO:cti_recommender:Fetching NVD CVEs from 2023-01-01 to 2023-01-31
INFO:cti_recommender:Fetched 2000/2565 CVEs...
INFO:cti_recommender:Fetched 2565/2565 CVEs...
INFO:cti_recommender:Fetched 2565 total CVEs from NVD
INFO:cve_database:Upserted 2565 CVEs to database
✓ 2565 CVEs
[62/96] Fetching 2023-02-01 to 2023-02-28... INFO:cti_recommender:Fetching NVD CVEs from 2023-02-01 to 2023-02-28
INFO:cti_recommender:Fetched 2000/2474 CVEs...
INFO:cti_recommender:Fetched 2474/2474 CVEs...
INFO:cti_recommender:Fetched 2474 total CVEs from NVD
INFO:cve_database:Upserted 2474 CVEs to database
✓ 2474 CVEs
[63/96] Fetching 2023-03-01 to 2023-03-31... INFO:cti_recommender:Fetching NVD CVEs from 2023-03-01 to 2023-03-31
INFO:cti_recommender:Fetched 2000/2783 CVEs...
INFO:cti_recommender:Fetched 2783/2783 CVEs...
INFO:cti_recommender:Fetched 2783 total CVEs from NVD
INFO:cve_database:Upserted 2783 CVEs to database
✓ 2783 CVEs
[64/96] Fetching 2023-04-01 to 2023-04-30... INFO:cti_recommender:Fetching NVD CVEs from 2023-04-01 to 2023-04-30
INFO:cti_recommender:Fetched 2000/2363 CVEs...
INFO:cti_recommender:Fetched 2363/2363 CVEs...
INFO:cti_recommender:Fetched 2363 total CVEs from NVD
INFO:cve_database:Upserted 2363 CVEs to database
✓ 2363 CVEs
[65/96] Fetching 2023-05-01 to 2023-05-31... INFO:cti_recommender:Fetching NVD CVEs from 2023-05-01 to 2023-05-31
INFO:cti_recommender:Fetched 2000/2734 CVEs...
INFO:cti_recommender:Fetched 2734/2734 CVEs...
INFO:cti_recommender:Fetched 2734 total CVEs from NVD
INFO:cve_database:Upserted 2734 CVEs to database
✓ 2734 CVEs
[66/96] Fetching 2023-06-01 to 2023-06-30... INFO:cti_recommender:Fetching NVD CVEs from 2023-06-01 to 2023-06-30
INFO:cti_recommender:Fetched 2000/2405 CVEs...
INFO:cti_recommender:Fetched 2405/2405 CVEs...
INFO:cti_recommender:Fetched 2405 total CVEs from NVD
INFO:cve_database:Upserted 2405 CVEs to database
✓ 2405 CVEs
[67/96] Fetching 2023-07-01 to 2023-07-31... INFO:cti_recommender:Fetching NVD CVEs from 2023-07-01 to 2023-07-31
INFO:cti_recommender:Fetched 2000/2363 CVEs...
INFO:cti_recommender:Fetched 2363/2363 CVEs...
INFO:cti_recommender:Fetched 2363 total CVEs from NVD
INFO:cve_database:Upserted 2363 CVEs to database
✓ 2363 CVEs
[68/96] Fetching 2023-08-01 to 2023-08-31... INFO:cti_recommender:Fetching NVD CVEs from 2023-08-01 to 2023-08-31
INFO:cti_recommender:Fetched 2000/2518 CVEs...
INFO:cti_recommender:Fetched 2518/2518 CVEs...
INFO:cti_recommender:Fetched 2518 total CVEs from NVD
INFO:cve_database:Upserted 2518 CVEs to database
✓ 2518 CVEs
[69/96] Fetching 2023-09-01 to 2023-09-30... INFO:cti_recommender:Fetching NVD CVEs from 2023-09-01 to 2023-09-30
INFO:cti_recommender:Fetched 2000/2828 CVEs...
INFO:cti_recommender:Fetched 2828/2828 CVEs...
INFO:cti_recommender:Fetched 2828 total CVEs from NVD
INFO:cve_database:Upserted 2828 CVEs to database
✓ 2828 CVEs
[70/96] Fetching 2023-10-01 to 2023-10-31... INFO:cti_recommender:Fetching NVD CVEs from 2023-10-01 to 2023-10-31
INFO:cti_recommender:Fetched 2000/2722 CVEs...
INFO:cti_recommender:Fetched 2722/2722 CVEs...
INFO:cti_recommender:Fetched 2722 total CVEs from NVD
INFO:cve_database:Upserted 2722 CVEs to database
✓ 2722 CVEs
[71/96] Fetching 2023-11-01 to 2023-11-30... INFO:cti_recommender:Fetching NVD CVEs from 2023-11-01 to 2023-11-30
INFO:cti_recommender:Fetched 2000/2508 CVEs...
INFO:cti_recommender:Fetched 2508/2508 CVEs...
INFO:cti_recommender:Fetched 2508 total CVEs from NVD
INFO:cve_database:Upserted 2508 CVEs to database
✓ 2508 CVEs
[72/96] Fetching 2023-12-01 to 2023-12-31... INFO:cti_recommender:Fetching NVD CVEs from 2023-12-01 to 2023-12-31
INFO:cti_recommender:Fetched 2000/2686 CVEs...
INFO:cti_recommender:Fetched 2686/2686 CVEs...
INFO:cti_recommender:Fetched 2686 total CVEs from NVD
INFO:cve_database:Upserted 2686 CVEs to database
✓ 2686 CVEs

  Progress: 72/96 months (75.0%)
  Total CVEs so far: 135,644
  Estimated time remaining: 1.0 minutes

[73/96] Fetching 2024-01-01 to 2024-01-31... INFO:cti_recommender:Fetching NVD CVEs from 2024-01-01 to 2024-01-31
INFO:cti_recommender:Fetched 2000/2647 CVEs...
INFO:cti_recommender:Fetched 2647/2647 CVEs...
INFO:cti_recommender:Fetched 2647 total CVEs from NVD
INFO:cve_database:Upserted 2647 CVEs to database
✓ 2647 CVEs
[74/96] Fetching 2024-02-01 to 2024-02-29... INFO:cti_recommender:Fetching NVD CVEs from 2024-02-01 to 2024-02-29
INFO:cti_recommender:Fetched 2000/2906 CVEs...
INFO:cti_recommender:Fetched 2906/2906 CVEs...
INFO:cti_recommender:Fetched 2906 total CVEs from NVD
INFO:cve_database:Upserted 2906 CVEs to database
✓ 2906 CVEs
[75/96] Fetching 2024-03-01 to 2024-03-31... INFO:cti_recommender:Fetching NVD CVEs from 2024-03-01 to 2024-03-31
INFO:cti_recommender:Fetched 2000/3352 CVEs...
INFO:cti_recommender:Fetched 3352/3352 CVEs...
INFO:cti_recommender:Fetched 3352 total CVEs from NVD
INFO:cve_database:Upserted 3352 CVEs to database
✓ 3352 CVEs
[76/96] Fetching 2024-04-01 to 2024-04-30... INFO:cti_recommender:Fetching NVD CVEs from 2024-04-01 to 2024-04-30
INFO:cti_recommender:Fetched 2000/3735 CVEs...
INFO:cti_recommender:Fetched 3735/3735 CVEs...
INFO:cti_recommender:Fetched 3735 total CVEs from NVD
INFO:cve_database:Upserted 3735 CVEs to database
✓ 3735 CVEs
[77/96] Fetching 2024-05-01 to 2024-05-31... INFO:cti_recommender:Fetching NVD CVEs from 2024-05-01 to 2024-05-31
INFO:cti_recommender:Fetched 2000/5103 CVEs...
INFO:cti_recommender:Fetched 4000/5103 CVEs...
INFO:cti_recommender:Fetched 5103/5103 CVEs...
INFO:cti_recommender:Fetched 5103 total CVEs from NVD
INFO:cve_database:Upserted 5103 CVEs to database
✓ 5103 CVEs
[78/96] Fetching 2024-06-01 to 2024-06-30... INFO:cti_recommender:Fetching NVD CVEs from 2024-06-01 to 2024-06-30
INFO:cti_recommender:Fetched 2000/3173 CVEs...
INFO:cti_recommender:Fetched 3173/3173 CVEs...
INFO:cti_recommender:Fetched 3173 total CVEs from NVD
INFO:cve_database:Upserted 3173 CVEs to database
✓ 3173 CVEs
[79/96] Fetching 2024-07-01 to 2024-07-31... INFO:cti_recommender:Fetching NVD CVEs from 2024-07-01 to 2024-07-31
INFO:cti_recommender:Fetched 2000/3174 CVEs...
INFO:cti_recommender:Fetched 3174/3174 CVEs...
INFO:cti_recommender:Fetched 3174 total CVEs from NVD
INFO:cve_database:Upserted 3174 CVEs to database
✓ 3174 CVEs
[80/96] Fetching 2024-08-01 to 2024-08-31... INFO:cti_recommender:Fetching NVD CVEs from 2024-08-01 to 2024-08-31
INFO:cti_recommender:Fetched 2000/2945 CVEs...
INFO:cti_recommender:Fetched 2945/2945 CVEs...
INFO:cti_recommender:Fetched 2945 total CVEs from NVD
INFO:cve_database:Upserted 2945 CVEs to database
✓ 2945 CVEs
[81/96] Fetching 2024-09-01 to 2024-09-30... INFO:cti_recommender:Fetching NVD CVEs from 2024-09-01 to 2024-09-30
INFO:cti_recommender:Fetched 2000/2540 CVEs...
INFO:cti_recommender:Fetched 2540/2540 CVEs...
INFO:cti_recommender:Fetched 2540 total CVEs from NVD
INFO:cve_database:Upserted 2540 CVEs to database
✓ 2540 CVEs
[82/96] Fetching 2024-10-01 to 2024-10-31... INFO:cti_recommender:Fetching NVD CVEs from 2024-10-01 to 2024-10-31
INFO:cti_recommender:Fetched 2000/3595 CVEs...
INFO:cti_recommender:Fetched 3595/3595 CVEs...
INFO:cti_recommender:Fetched 3595 total CVEs from NVD
INFO:cve_database:Upserted 3595 CVEs to database
✓ 3595 CVEs
[83/96] Fetching 2024-11-01 to 2024-11-30... INFO:cti_recommender:Fetching NVD CVEs from 2024-11-01 to 2024-11-30
INFO:cti_recommender:Fetched 2000/4086 CVEs...
INFO:cti_recommender:Fetched 4000/4086 CVEs...
INFO:cti_recommender:Fetched 4086/4086 CVEs...
INFO:cti_recommender:Fetched 4086 total CVEs from NVD
INFO:cve_database:Upserted 4086 CVEs to database
✓ 4086 CVEs
[84/96] Fetching 2024-12-01 to 2024-12-31... INFO:cti_recommender:Fetching NVD CVEs from 2024-12-01 to 2024-12-31
INFO:cti_recommender:Fetched 2000/3448 CVEs...
INFO:cti_recommender:Fetched 3448/3448 CVEs...
INFO:cti_recommender:Fetched 3448 total CVEs from NVD
INFO:cve_database:Upserted 3448 CVEs to database
✓ 3448 CVEs

  Progress: 84/96 months (87.5%)
  Total CVEs so far: 176,348
  Estimated time remaining: 0.6 minutes

[85/96] Fetching 2025-01-01 to 2025-01-31... INFO:cti_recommender:Fetching NVD CVEs from 2025-01-01 to 2025-01-31
INFO:cti_recommender:Fetched 2000/4415 CVEs...
INFO:cti_recommender:Fetched 4000/4415 CVEs...
INFO:cti_recommender:Fetched 4415/4415 CVEs...
INFO:cti_recommender:Fetched 4415 total CVEs from NVD
INFO:cve_database:Upserted 4415 CVEs to database
✓ 4415 CVEs
[86/96] Fetching 2025-02-01 to 2025-02-28... INFO:cti_recommender:Fetching NVD CVEs from 2025-02-01 to 2025-02-28
INFO:cti_recommender:Fetched 2000/3831 CVEs...
INFO:cti_recommender:Fetched 3831/3831 CVEs...
INFO:cti_recommender:Fetched 3831 total CVEs from NVD
INFO:cve_database:Upserted 3831 CVEs to database
✓ 3831 CVEs
[87/96] Fetching 2025-03-01 to 2025-03-31... INFO:cti_recommender:Fetching NVD CVEs from 2025-03-01 to 2025-03-31
INFO:cti_recommender:Fetched 2000/4166 CVEs...
INFO:cti_recommender:Fetched 4000/4166 CVEs...
INFO:cti_recommender:Fetched 4166/4166 CVEs...
INFO:cti_recommender:Fetched 4166 total CVEs from NVD
INFO:cve_database:Upserted 4166 CVEs to database
✓ 4166 CVEs
[88/96] Fetching 2025-04-01 to 2025-04-30... INFO:cti_recommender:Fetching NVD CVEs from 2025-04-01 to 2025-04-30
INFO:cti_recommender:Fetched 2000/4142 CVEs...
INFO:cti_recommender:Fetched 4000/4142 CVEs...
INFO:cti_recommender:Fetched 4142/4142 CVEs...
INFO:cti_recommender:Fetched 4142 total CVEs from NVD
INFO:cve_database:Upserted 4142 CVEs to database
✓ 4142 CVEs
[89/96] Fetching 2025-05-01 to 2025-05-31... INFO:cti_recommender:Fetching NVD CVEs from 2025-05-01 to 2025-05-31
INFO:cti_recommender:Fetched 2000/4264 CVEs...
INFO:cti_recommender:Fetched 4000/4264 CVEs...
INFO:cti_recommender:Fetched 4264/4264 CVEs...
INFO:cti_recommender:Fetched 4264 total CVEs from NVD
INFO:cve_database:Upserted 4264 CVEs to database
✓ 4264 CVEs
[90/96] Fetching 2025-06-01 to 2025-06-30... INFO:cti_recommender:Fetching NVD CVEs from 2025-06-01 to 2025-06-30
INFO:cti_recommender:Fetched 2000/3799 CVEs...
INFO:cti_recommender:Fetched 3799/3799 CVEs...
INFO:cti_recommender:Fetched 3799 total CVEs from NVD
INFO:cve_database:Upserted 3799 CVEs to database
✓ 3799 CVEs
[91/96] Fetching 2025-07-01 to 2025-07-31... INFO:cti_recommender:Fetching NVD CVEs from 2025-07-01 to 2025-07-31
INFO:cti_recommender:Fetched 2000/3933 CVEs...
INFO:cti_recommender:Fetched 3933/3933 CVEs...
INFO:cti_recommender:Fetched 3933 total CVEs from NVD
INFO:cve_database:Upserted 3933 CVEs to database
✓ 3933 CVEs
[92/96] Fetching 2025-08-01 to 2025-08-31... INFO:cti_recommender:Fetching NVD CVEs from 2025-08-01 to 2025-08-31
INFO:cti_recommender:Fetched 2000/3737 CVEs...
INFO:cti_recommender:Fetched 3737/3737 CVEs...
INFO:cti_recommender:Fetched 3737 total CVEs from NVD
INFO:cve_database:Upserted 3737 CVEs to database
✓ 3737 CVEs
[93/96] Fetching 2025-09-01 to 2025-09-30... INFO:cti_recommender:Fetching NVD CVEs from 2025-09-01 to 2025-09-30
INFO:cti_recommender:Fetched 2000/4537 CVEs...
INFO:cti_recommender:Fetched 4000/4537 CVEs...
INFO:cti_recommender:Fetched 4537/4537 CVEs...
INFO:cti_recommender:Fetched 4537 total CVEs from NVD
INFO:cve_database:Upserted 4537 CVEs to database
✓ 4537 CVEs
[94/96] Fetching 2025-10-01 to 2025-10-31... INFO:cti_recommender:Fetching NVD CVEs from 2025-10-01 to 2025-10-31
INFO:cti_recommender:Fetched 2000/4389 CVEs...
INFO:cti_recommender:Fetched 4000/4389 CVEs...
INFO:cti_recommender:Fetched 4389/4389 CVEs...
INFO:cti_recommender:Fetched 4389 total CVEs from NVD
INFO:cve_database:Upserted 4389 CVEs to database
✓ 4389 CVEs
[95/96] Fetching 2025-11-01 to 2025-11-30... INFO:cti_recommender:Fetching NVD CVEs from 2025-11-01 to 2025-11-30
INFO:cti_recommender:Fetched 2000/3116 CVEs...
INFO:cti_recommender:Fetched 3116/3116 CVEs...
INFO:cti_recommender:Fetched 3116 total CVEs from NVD
INFO:cve_database:Upserted 3116 CVEs to database
✓ 3116 CVEs
[96/96] Fetching 2025-12-01 to 2025-12-31... INFO:cti_recommender:Fetching NVD CVEs from 2025-12-01 to 2025-12-31
INFO:cti_recommender:Fetched 2000/5643 CVEs...
INFO:cti_recommender:Fetched 4000/5643 CVEs...
INFO:cti_recommender:Fetched 5643/5643 CVEs...
INFO:cti_recommender:Fetched 5643 total CVEs from NVD
INFO:cve_database:Upserted 5643 CVEs to database
INFO:cve_database:Database connection closed
✓ 5643 CVEs

  Progress: 96/96 months (100.0%)
  Total CVEs so far: 226,320
  Estimated time remaining: 0.0 minutes


======================================================================
BACKFILL COMPLETE
======================================================================
Processed months: 96/96
Total CVEs fetched: 226,320
Time elapsed: 4.8 minutes
Database: data/cve_database.db
======================================================================


======================================================================
CVE DATABASE SUMMARY
======================================================================

Total CVEs: 226,320
Date Range: 2018-01-01T00:29:00.213 to 2025-12-31T23:15:42.413
CVEs with CVSS: 210,147 (92.9%)

Enrichments:
  • KEV-flagged: 0
  • Healthcare-relevant: 0
  • Curated breaches: 0

Fetch History: 259 successful fetches
======================================================================

